// Jest Snapshot v1, https://goo.gl/fbAQLP

exports[`MovieCard renders correctly 1`] = `
<div
  className="movieCardContainer"
  onMouseLeave={[Function]}
>
  <button
    className="posterButton"
    disabled=""
    id=""
    onClick={[Function]}
    type="button"
  >
    
    <img
      alt="poster"
      className="poster"
      src="test-file-stub"
    />
  </button>
  <button
    className="threeDotsIcon"
    disabled=""
    id=""
    onClick={[Function]}
    type="button"
  >
    
    <img
      alt="movie card menu"
      src="test-file-stub"
    />
  </button>
  <div
    className="movieTitleReleaseDateContainer"
  >
    <div
      className="movieTitle"
    >
      Pulp Fiction
    </div>
    <div
      className="movieReleaseDate"
    >
      2004
    </div>
  </div>
  <div
    className="movieGenres"
  >
    Action & Adventure
  </div>
</div>
`;
