// Jest Snapshot v1, https://goo.gl/fbAQLP

exports[`MovieCard renders correctly 1`] = `
<div
  className="movieCardContainer"
  onMouseLeave={[Function]}
>
  <button
    className="imageButton"
    disabled=""
    id=""
    onClick={[Function]}
    type="button"
  >
    
    <img
      alt="item"
      className="imageItem"
      src="test-file-stub"
    />
  </button>
  <button
    className="threeDotsIcon"
    disabled=""
    id=""
    onClick={[Function]}
    type="button"
  >
    
    <img
      alt="movie button"
      src="test-file-stub"
    />
  </button>
  <div
    className="descriptionContainer"
  >
    <div
      className="itemTitle"
    >
      Pulp Fiction
    </div>
    <div
      className="itemReleaseDate"
    >
      2004
    </div>
  </div>
  <div
    className="itemGenre"
  >
    Action & Adventure
  </div>
</div>
`;
