// Jest Snapshot v1, https://goo.gl/fbAQLP

exports[`HeaderTop renders correctly 1`] = `
<div
  className="headerTopContainer"
>
  <div
    className="logoContainer"
  >
    <span
      className="netflix"
    >
      netflix
    </span>
    <span
      className="roulette"
    >
      roulette
    </span>
  </div>
  <button
    className="AddMovieButton"
    type="button"
  >
    + ADD MOVIE
  </button>
</div>
`;
