// Jest Snapshot v1, https://goo.gl/fbAQLP

exports[`ResultsSort renders correctly 1`] = `
<div
  className="resultsSortContainer"
>
  <div
    className="sortBy"
  >
    SORT BY
  </div>
  <div
    className="releaseDate"
  >
    RELEASE DATE
  </div>
  <div
    aria-label="Sort Button"
    className="arrow arrow-down"
    onClick={[Function]}
    onKeyDown={[Function]}
    role="button"
    tabIndex="0"
  />
</div>
`;
