// Jest Snapshot v1, https://goo.gl/fbAQLP

exports[`MoviesList renders correctly 1`] = `
<div
  className="moviesListContainer"
>
  <div
    className="movieCardContainer"
    onMouseLeave={[Function]}
  >
    <button
      className="imageButton"
      disabled=""
      id=""
      onClick={[Function]}
      type="button"
    >
      
      <img
        alt="item"
        className="imageItem"
        src="test-file-stub"
      />
    </button>
    <button
      className="threeDotsIcon"
      disabled=""
      id=""
      onClick={[Function]}
      type="button"
    >
      
      <img
        alt="movie button"
        src="test-file-stub"
      />
    </button>
    <div
      className="descriptionContainer"
    >
      <div
        className="itemTitle"
      >
        Pulp Fiction
      </div>
      <div
        className="itemReleaseDate"
      >
        2004
      </div>
    </div>
    <div
      className="itemGenre"
    >
      Action & Adventure
    </div>
  </div>
  <div
    className="movieCardContainer"
    onMouseLeave={[Function]}
  >
    <button
      className="imageButton"
      disabled=""
      id=""
      onClick={[Function]}
      type="button"
    >
      
      <img
        alt="item"
        className="imageItem"
        src="test-file-stub"
      />
    </button>
    <button
      className="threeDotsIcon"
      disabled=""
      id=""
      onClick={[Function]}
      type="button"
    >
      
      <img
        alt="movie button"
        src="test-file-stub"
      />
    </button>
    <div
      className="descriptionContainer"
    >
      <div
        className="itemTitle"
      >
        Bohemian Rhapsody
      </div>
      <div
        className="itemReleaseDate"
      >
        2003
      </div>
    </div>
    <div
      className="itemGenre"
    >
      Drama, Biography, Music
    </div>
  </div>
  <div
    className="movieCardContainer"
    onMouseLeave={[Function]}
  >
    <button
      className="imageButton"
      disabled=""
      id=""
      onClick={[Function]}
      type="button"
    >
      
      <img
        alt="item"
        className="imageItem"
        src="test-file-stub"
      />
    </button>
    <button
      className="threeDotsIcon"
      disabled=""
      id=""
      onClick={[Function]}
      type="button"
    >
      
      <img
        alt="movie button"
        src="test-file-stub"
      />
    </button>
    <div
      className="descriptionContainer"
    >
      <div
        className="itemTitle"
      >
        Kill Bill: Vol 2
      </div>
      <div
        className="itemReleaseDate"
      >
        1994
      </div>
    </div>
    <div
      className="itemGenre"
    >
      Oscar winning Movie
    </div>
  </div>
  <div
    className="movieCardContainer"
    onMouseLeave={[Function]}
  >
    <button
      className="imageButton"
      disabled=""
      id=""
      onClick={[Function]}
      type="button"
    >
      
      <img
        alt="item"
        className="imageItem"
        src="test-file-stub"
      />
    </button>
    <button
      className="threeDotsIcon"
      disabled=""
      id=""
      onClick={[Function]}
      type="button"
    >
      
      <img
        alt="movie button"
        src="test-file-stub"
      />
    </button>
    <div
      className="descriptionContainer"
    >
      <div
        className="itemTitle"
      >
        Avengers: War of Infinity
      </div>
      <div
        className="itemReleaseDate"
      >
        2004
      </div>
    </div>
    <div
      className="itemGenre"
    >
      Action & Adventure
    </div>
  </div>
  <div
    className="movieCardContainer"
    onMouseLeave={[Function]}
  >
    <button
      className="imageButton"
      disabled=""
      id=""
      onClick={[Function]}
      type="button"
    >
      
      <img
        alt="item"
        className="imageItem"
        src="test-file-stub"
      />
    </button>
    <button
      className="threeDotsIcon"
      disabled=""
      id=""
      onClick={[Function]}
      type="button"
    >
      
      <img
        alt="movie button"
        src="test-file-stub"
      />
    </button>
    <div
      className="descriptionContainer"
    >
      <div
        className="itemTitle"
      >
        Inception
      </div>
      <div
        className="itemReleaseDate"
      >
        2003
      </div>
    </div>
    <div
      className="itemGenre"
    >
      Action & Adventure
    </div>
  </div>
  <div
    className="movieCardContainer"
    onMouseLeave={[Function]}
  >
    <button
      className="imageButton"
      disabled=""
      id=""
      onClick={[Function]}
      type="button"
    >
      
      <img
        alt="item"
        className="imageItem"
        src="test-file-stub"
      />
    </button>
    <button
      className="threeDotsIcon"
      disabled=""
      id=""
      onClick={[Function]}
      type="button"
    >
      
      <img
        alt="movie button"
        src="test-file-stub"
      />
    </button>
    <div
      className="descriptionContainer"
    >
      <div
        className="itemTitle"
      >
        Reservoir dogs
      </div>
      <div
        className="itemReleaseDate"
      >
        1994
      </div>
    </div>
    <div
      className="itemGenre"
    >
      Oscar winning Movie
    </div>
  </div>
</div>
`;
