// Jest Snapshot v1, https://goo.gl/fbAQLP

exports[`Header renders correctly 1`] = `
<header
  className="headerContainer"
>
  <div
    className="headerBlurImageLayer"
  >
    <div
      className="headerTopContainer"
    >
      <div
        className="logoContainer"
      >
        <span
          className="netflix"
        >
          netflix
        </span>
        <span
          className="roulette"
        >
          roulette
        </span>
      </div>
      <button
        className="addMovieButton"
        onClick={[Function]}
        type="button"
      >
        + ADD MOVIE
        
      </button>
    </div>
    <div
      className="headerMainContainer"
    >
      <h1
        className="headerTitle"
      >
        FIND YOUR MOVIE
      </h1>
      <div
        className="searchContainer"
      >
        <input
          className="searchInput"
          placeholder="What do you want to watch?"
        />
        <button
          className="searchButton"
          onClick={[Function]}
          type="button"
        >
          SEARCH
          
        </button>
      </div>
    </div>
  </div>
</header>
`;
