// Jest Snapshot v1, https://goo.gl/fbAQLP

exports[`Menu renders correctly 1`] = `
<div
  className="menuContainer"
>
  <nav>
    <ul
      className="resultsFilterContainer"
    >
      <li
        className="filterItem active"
        onClick={[Function]}
        onKeyPress={[Function]}
        role="menuitem"
        tabIndex="0"
      >
        ALL
      </li>
      <li
        className="filterItem"
        onClick={[Function]}
        onKeyPress={[Function]}
        role="menuitem"
        tabIndex="0"
      >
        DOCUMENTARY
      </li>
      <li
        className="filterItem"
        onClick={[Function]}
        onKeyPress={[Function]}
        role="menuitem"
        tabIndex="0"
      >
        COMEDY
      </li>
      <li
        className="filterItem"
        onClick={[Function]}
        onKeyPress={[Function]}
        role="menuitem"
        tabIndex="0"
      >
        HORROR
      </li>
      <li
        className="filterItem"
        onClick={[Function]}
        onKeyPress={[Function]}
        role="menuitem"
        tabIndex="0"
      >
        CRIME
      </li>
    </ul>
  </nav>
  <div
    className="resultsSortContainer"
  >
    <div
      className="sortBy"
    >
      SORT BY
    </div>
    <div
      className="releaseDate"
    >
      RELEASE DATE
    </div>
    <button
      className="arrow"
      onClick={[Function]}
      type="button"
    >
      
      <img
        alt="Sort Button"
        src="test-file-stub"
      />
    </button>
  </div>
</div>
`;
