// Jest Snapshot v1, https://goo.gl/fbAQLP

exports[`ResultsSort renders correctly 1`] = `
<div
  className="resultsSortContainer"
>
  <div
    className="sortBy"
  >
    SORT BY
  </div>
  <div
    className="releaseDate"
  >
    RELEASE DATE
  </div>
  <button
    className="arrow"
    onClick={[Function]}
    type="button"
  >
    
    <img
      alt="Sort Button"
      src="test-file-stub"
    />
  </button>
</div>
`;
